C51 COMPILER V9.02   MAIN                                                                  02/22/2017 17:33:03 PAGE 1   


C51 COMPILER V9.02, COMPILATION OF MODULE MAIN
OBJECT MODULE PLACED IN ..\bin\main.obj
COMPILER INVOKED BY: C:\Keil\C51\BIN\C51.EXE ..\app\main.c BROWSE INCDIR(..\drv\offchip_drivers\include;..\drv\onchip_dr
                    -ivers\include;..\app\include;..\drv) DEBUG OBJECTEXTEND PRINT(.\main.lst) OBJECT(..\bin\main.obj)

line level    source

   1          
   2          /*Defining all Header files */
   3          
   4          #include<reg52.h>
   5          #include<lcd4bit.h>
   6          #include<delay.h>
   7          #include<adc.h>
   8          
   9          #include <motor_control.h>
  10          
  11          #define IN 1
  12          #define OUT 0
  13          
  14          
  15          
  16          /*Program in AT89S52 will starts executes from here */
  17          
  18          void main()
  19          {
  20   1              init_lcd();
  21   1              bot_Init();
  22   1              lcd_clear();
  23   1      
  24   1              gotoxy_lcd(1, 1);
  25   1              print_lcd("Autonomous Robot");
  26   1              gotoxy_lcd(1, 2);
  27   1              print_lcd("For Path Finding");
  28   1              
  29   1              delay_sec(1);
  30   1              lcd_clear();
  31   1              
  32   1              
  33   1              
  34   1              while(1)
  35   1              {
  36   2                      
  37   2                      lcd_clear();
  38   2                      bot_MoveForward();      
  39   2                      gotoxy_lcd(1, 1);
  40   2                      print_lcd("Moving FORWARD...  ");
  41   2                      delay_sec(2);
  42   2      
  43   2                      bot_MoveForwardLeft();
  44   2                      gotoxy_lcd(1, 1);
  45   2                      print_lcd("Moving Left...    ");
  46   2                      delay_ms(500);
  47   2      
  48   2                      bot_MoveForward();
  49   2                      gotoxy_lcd(1, 1);
  50   2                      print_lcd("Moving Forward...");
  51   2                      delay_ms(2000);
  52   2      
  53   2                      bot_MoveForwardRight();
  54   2                      gotoxy_lcd(1, 1);
C51 COMPILER V9.02   MAIN                                                                  02/22/2017 17:33:03 PAGE 2   

  55   2                      print_lcd("Moving Right...  ");
  56   2                      delay_ms(200);
  57   2      
  58   2                      bot_MoveForward();
  59   2                      gotoxy_lcd(1, 1);
  60   2                      print_lcd("Moving Forward...");
  61   2                      delay_ms(2000);
  62   2      
  63   2                      bot_Stop();
  64   2                      gotoxy_lcd(1, 1);
  65   2                      print_lcd("BOT Stopped.....    ");
  66   2                      delay_ms(2000);
  67   2                      
  68   2                      bot_MoveBackward();
  69   2                      gotoxy_lcd(1, 1);
  70   2                      print_lcd("MOVING BACKWORD... ");
  71   2                      delay_ms(2000);
  72   2      
  73   2                      bot_MoveBackwardRight();
  74   2                      gotoxy_lcd(1, 1);
  75   2                      print_lcd("BACK RIGHT..... ");
  76   2                      delay_ms(500);
  77   2              
  78   2              }
  79   1      }


MODULE INFORMATION:   STATIC OVERLAYABLE
   CODE SIZE        =    261    ----
   CONSTANT SIZE    =    167    ----
   XDATA SIZE       =   ----    ----
   PDATA SIZE       =   ----    ----
   DATA SIZE        =   ----    ----
   IDATA SIZE       =   ----    ----
   BIT SIZE         =   ----    ----
END OF MODULE INFORMATION.


C51 COMPILATION COMPLETE.  0 WARNING(S),  0 ERROR(S)
