C51 COMPILER V9.02   MAIN                                                                  02/23/2017 18:46:35 PAGE 1   


C51 COMPILER V9.02, COMPILATION OF MODULE MAIN
OBJECT MODULE PLACED IN ..\bin\main.obj
COMPILER INVOKED BY: C:\Keil\C51\BIN\C51.EXE ..\app\main.c BROWSE INCDIR(..\drv\offchip_drivers\include;..\drv\onchip_dr
                    -ivers\include;..\app\include;..\drv) DEBUG OBJECTEXTEND PRINT(.\main.lst) OBJECT(..\bin\main.obj)

line level    source

   1          
   2          /*Defining all Header files */
   3          
   4          #include<reg52.h>
   5          #include<lcd4bit.h>
   6          #include<delay.h>
   7          #include<adc.h>
   8          #include <uart.h>
   9          
  10          #include <motor_control.h>
  11          #include <bluetooth.h>
  12          
  13          #define IN 1
  14          #define OUT 0
  15          
  16          
  17          
  18          /*Program in AT89S52 will starts executes from here */
  19          
  20          char op;
  21          
  22          void main()
  23          {
  24   1      
  25   1      
  26   1              init_lcd();
  27   1              bot_Init();
  28   1              lcd_clear();
  29   1              init_UART();
  30   1      
  31   1              gotoxy_lcd(1, 1);
  32   1              print_lcd("Voice Controlled");
  33   1              gotoxy_lcd(1, 2);
  34   1              print_lcd("   BT Robot");
  35   1              
  36   1              delay_sec(1);
  37   1              
  38   1              lcd_clear();
  39   1              print_lcd("Start Speaking :-)");
  40   1              bot_Stop();
  41   1              bot_PickStop();
  42   1              bot_ArmStop();
  43   1      
  44   1              while(1)
  45   1              {
  46   2                      scan_BTData();
  47   2      
  48   2                      if(bt_DataCompare("*start") || bt_DataCompare("*forward"))
  49   2                      {
  50   3                              bot_MoveForward();      
  51   3                              gotoxy_lcd(1, 1);
  52   3                              print_lcd("Moving Forward...  ");
  53   3                      
  54   3                      }
C51 COMPILER V9.02   MAIN                                                                  02/23/2017 18:46:35 PAGE 2   

  55   2                      else if(bt_DataCompare("*backward"))
  56   2                      {
  57   3                              bot_MoveBackward();     
  58   3                              gotoxy_lcd(1, 1);
  59   3                              print_lcd("Moving Backward...  ");
  60   3                      }
  61   2                      else if(bt_DataCompare("*left"))
  62   2                      {
  63   3                              bot_MoveForwardLeft();
  64   3                              gotoxy_lcd(1, 1);
  65   3                              print_lcd("Moving Left...    ");
  66   3                      }
  67   2      
  68   2                      else if(bt_DataCompare("*right"))
  69   2                      {
  70   3                              bot_MoveForwardRight();
  71   3                              gotoxy_lcd(1, 1);
  72   3                              print_lcd("Moving Right...  ");
  73   3                      }
  74   2                      else if(bt_DataCompare("*stop")) 
  75   2                      {
  76   3                              bot_Stop();
  77   3                              gotoxy_lcd(1, 1);
  78   3                              print_lcd("Bot Stopped.....    ");
  79   3                      }
  80   2      //              else 
  81   2      //              {
  82   2      //                      bot_Stop();
  83   2      //                      gotoxy_lcd(1, 1);
  84   2      //                      print_lcd("Wrong Command....");
  85   2      //                      delay_ms(500);
  86   2      //                      gotoxy_lcd(1, 1);
  87   2      //                      print_lcd("Start Speaking :-)");
  88   2      //              }
  89   2              
  90   2              }
  91   1      }


MODULE INFORMATION:   STATIC OVERLAYABLE
   CODE SIZE        =    246    ----
   CONSTANT SIZE    =    192    ----
   XDATA SIZE       =   ----    ----
   PDATA SIZE       =   ----    ----
   DATA SIZE        =      1    ----
   IDATA SIZE       =   ----    ----
   BIT SIZE         =   ----    ----
END OF MODULE INFORMATION.


C51 COMPILATION COMPLETE.  0 WARNING(S),  0 ERROR(S)
