C51 COMPILER V9.02   MOTOR_CONTROL                                                         02/23/2017 18:46:37 PAGE 1   


C51 COMPILER V9.02, COMPILATION OF MODULE MOTOR_CONTROL
OBJECT MODULE PLACED IN ..\bin\motor_control.obj
COMPILER INVOKED BY: C:\Keil\C51\BIN\C51.EXE ..\drv\motor_control.c BROWSE INCDIR(..\drv\offchip_drivers\include;..\drv\
                    -onchip_drivers\include;..\app\include;..\drv) DEBUG OBJECTEXTEND PRINT(.\motor_control.lst) OBJECT(..\bin\motor_control.
                    -obj)

line level    source

   1          #include <motor_control.h>
   2          #include<reg52.h>
   3          
   4          sbit M00 = P0^0;
   5          sbit M01 = P0^1;
   6          sbit M10 = P0^2;
   7          sbit M11 = P0^3;
   8          
   9          sbit M20 = P0^4;
  10          sbit M21 = P0^5;
  11          sbit M30 = P0^6;
  12          sbit M31 = P0^7;
  13           
  14           void bot_Init(void)
  15           {
  16   1              M00 = 0;
  17   1              M01 = 0;
  18   1              M10 = 0;
  19   1              M11 = 0;
  20   1      
  21   1              M20 = 0;
  22   1              M21 = 0;
  23   1              M30 = 0;
  24   1              M31 = 0;
  25   1       }
  26           void bot_Start(void)
  27           {
  28   1      
  29   1       }
  30          
  31            void bot_Stop(void)
  32           {
  33   1              M00 = 0;
  34   1              M01 = 0;
  35   1              M10 = 0;
  36   1              M11 = 0;
  37   1       }
  38          
  39           void bot_MoveForward(void)
  40           {
  41   1              M00 = 1;
  42   1              M01 = 0;
  43   1              M10 = 1;
  44   1              M11 = 0;
  45   1       }
  46          
  47           void bot_MoveBackward(void)
  48           {
  49   1              M00 = 0;
  50   1              M01 = 1;
  51   1              M10 = 0;
  52   1              M11 = 1;
  53   1       }
C51 COMPILER V9.02   MOTOR_CONTROL                                                         02/23/2017 18:46:37 PAGE 2   

  54           void bot_MoveForwardRight(void)
  55           {
  56   1              M00 = 0;
  57   1              M01 = 0;
  58   1              M10 = 1;
  59   1              M11 = 0;
  60   1       }
  61           void bot_MoveForwardLeft(void)
  62          {
  63   1                      M00 = 0;
  64   1                      M01 = 0;
  65   1                      M10 = 1;
  66   1                      M11 = 0;
  67   1      }
  68          
  69          
  70          void bot_MoveBackwardRight(void)
  71           {
  72   1              M00 = 0;
  73   1              M01 = 1;
  74   1              M10 = 0;
  75   1              M11 = 1;
  76   1       }
  77          
  78           void bot_MoveBackwardLeft(void)
  79           {
  80   1              M00 = 0;
  81   1              M01 = 1;
  82   1              M10 = 0;
  83   1              M11 = 1;
  84   1       }
  85          
  86          
  87           void bot_ArmUp(void)
  88           {
  89   1              M20 = 0;
  90   1              M21 = 1;
  91   1       }
  92           void bot_ArmDown(void)
  93           {
  94   1              M20 = 1;
  95   1              M21 = 0;
  96   1       }
  97           void bot_ArmStop(void)
  98           {
  99   1              M20 = 0;
 100   1              M21 = 0;
 101   1       }
 102           void bot_PickOpen(void)
 103           {
 104   1              M30 = 0;
 105   1              M31 = 1;
 106   1       }
 107           void bot_PickClose(void)
 108           {
 109   1              M30 = 1;
 110   1              M31 = 0;
 111   1       }
 112           void bot_PickStop(void)
 113           {
 114   1              M30 = 0;
 115   1              M31 = 0;
C51 COMPILER V9.02   MOTOR_CONTROL                                                         02/23/2017 18:46:37 PAGE 3   

 116   1       }


MODULE INFORMATION:   STATIC OVERLAYABLE
   CODE SIZE        =    111    ----
   CONSTANT SIZE    =   ----    ----
   XDATA SIZE       =   ----    ----
   PDATA SIZE       =   ----    ----
   DATA SIZE        =   ----    ----
   IDATA SIZE       =   ----    ----
   BIT SIZE         =   ----    ----
END OF MODULE INFORMATION.


C51 COMPILATION COMPLETE.  0 WARNING(S),  0 ERROR(S)
